  C O M F I N                   duÁan                           datum :  2/01/25
                                                                stran :   1
                                Skladbe po PESNIKIH-ZBORIH        ura : 06.07
  VSI ZBORI
--------------------------------------------------------------------------------
       Pesnik/ Zbor / Skladba                   Opomba
--------------------------------------------------------------------------------
(s3B
   388 KETTE DRAGOTIN       MOÊKI PEVSKI ZBOR
(s-3B
   387 JUR¨EK
   242 NA KRKI
    48 NA POLJANI
   218 NA TRGU                                  PESMARICA GLASBENE MATICE  140
   995 PTI¨KA                                   VODOPIVEC "MOJE GOSLI"  str:34
  2088 V MLINU                                  NOTNA MAPA 5 iz leta 1976
(s3B
                            ¶ENSKI PEVSKI ZBOR
(s-3B
   201 DE¨EK IN CVET
   267 O¨ITANJE                                 NAÊI ZBORI 1968 ÊT.4-5 str: 77
(s3B
                            MEÊANI PEVSKI ZBOR
(s-3B
   706 MISLI                                    NAÊI ZBORI 1968 ÊT.4-5 str: 75
    16 PTI¨KA
   900 TIHI GAJ    madrigal                     SLOVENSKA PESMARICA II.str:186
(s3B
                            OTROÊKI 3-4 GLASEN Z
(s-3B
  1312 DE¨EK IN CVET    SAA + solo              MLADINSKI ZBORI - ¨OPI  str:3
  1195 DE¨EK IN CVET   3 gl.
   662 DE¨EK IN CVET   4 gl.                    GRLICA 1 IV. 57/58 stran 15
   916 METULJ¨EK    3 gl.                       GRLICA XVI/73-4 Át.3-5  str:60
   939 METULJ¨EK   3 gl.                        PRIJATLI OBRODILE SO...str:114
   942 PETELIN I PUTKA   4 gl.                  PRIJATLI OBRODILE SO...str:120
   935 ¨EBELICA IN ¨MRLJ   3 gl.                PRIJATLI OBRODILE SO...str:103
(s3B
                            OTROÊKI DVOGLASNI ZB
(s-3B
    34 JUR¨EK-ZIDAR                             GRLICA 5 II. 1955/56 stran 66
(s3B
                            OTROÊKI ENOGLASNI ZB
(s-3B
  1360 BOJ PETEHOV                              Notna ybirka MOJA PESMARICA  9
--------------------------------------------------------------------------------
  vseh :     20
